#
# There is insufficient memory for the Java Runtime Environment to continue.
# Native memory allocation (mmap) failed to map 230686720 bytes for G1 virtual space
# Possible reasons:
#   The system is out of physical RAM or swap space
#   The process is running with CompressedOops enabled, and the Java Heap may be blocking the growth of the native heap
# Possible solutions:
#   Reduce memory load on the system
#   Increase physical memory or swap space
#   Check if swap backing store is full
#   Decrease Java heap size (-Xmx/-Xms)
#   Decrease number of Java threads
#   Decrease Java thread stack sizes (-Xss)
#   Set larger code cache with -XX:ReservedCodeCacheSize=
#   JVM is running with Zero Based Compressed Oops mode in which the Java heap is
#     placed in the first 32GB address space. The Java Heap base address is the
#     maximum limit for the native heap growth. Please use -XX:HeapBaseMinAddress
#     to set the Java Heap base and to place the Java Heap above 32GB virtual address.
# This output file may be truncated or incomplete.
#
#  Out of Memory Error (os_windows.cpp:3604), pid=26376, tid=28692
#
# JRE version:  (21.0.11+9) (build )
# Java VM: Java HotSpot(TM) 64-Bit Server VM (21.0.11+9-LTS-211, mixed mode, sharing, tiered, compressed oops, compressed class ptrs, g1 gc, windows-amd64)
# No core dump will be written. Minidumps are not enabled by default on client versions of Windows
#

---------------  S U M M A R Y ------------

Command Line: -javaagent:C:\Users\kenne\AppData\Local\Programs\IntelliJ IDEA 2026.1.4\lib\idea_rt.jar=52722 -Dfile.encoding=UTF-8 -Dsun.stdout.encoding=UTF-8 -Dsun.stderr.encoding=UTF-8 james_cutajar.chapt1.ArraySearchExample

Host: AMD Ryzen 7 PRO 4750U with Radeon Graphics, 16 cores, 13G,  Windows 11 , 64 bit Build 26100 (10.0.26100.9168)
Time: Fri Sep  4 17:11:01 2026 Greenwich Standard Time elapsed time: 1.072190 seconds (0d 0h 0m 1s)

---------------  T H R E A D  ---------------

Current thread (0x0000024874843520):  JavaThread "Unknown thread" [_thread_in_vm, id=28692, stack(0x000000a3edd00000,0x000000a3ede00000) (1024K)]

Stack: [0x000000a3edd00000,0x000000a3ede00000]
Native frames: (J=compiled Java code, j=interpreted, Vv=VM code, C=native code)
V  [jvm.dll+0x6d0ef9]
V  [jvm.dll+0x860126]
V  [jvm.dll+0x86261e]
V  [jvm.dll+0x862cf3]
V  [jvm.dll+0x282bc6]
V  [jvm.dll+0x6cd7a5]
V  [jvm.dll+0x6c232a]
V  [jvm.dll+0x35bfb8]
V  [jvm.dll+0x363c76]
V  [jvm.dll+0x3b4d8e]
V  [jvm.dll+0x3b5038]
V  [jvm.dll+0x32fa6c]
V  [jvm.dll+0x3305c1]
V  [jvm.dll+0x82a10e]
V  [jvm.dll+0x3c1d21]
V  [jvm.dll+0x812fda]
V  [jvm.dll+0x454701]
V  [jvm.dll+0x456151]
C  [jli.dll+0x5310]
C  [ucrtbase.dll+0x2cd30]
C  [KERNEL32.DLL+0x2ccb7]
C  [ntdll.dll+0xaad6c]


---------------  P R O C E S S  ---------------

Threads class SMR info:
_java_thread_list=0x00007ffd23d19c88, length=0, elements={
}

Java Threads: ( => current thread )
Total: 0

Other Threads:
  0x0000024876b96eb0 WorkerThread "GC Thread#0"                     [id=23292, stack(0x000000a3ede00000,0x000000a3edf00000) (1024K)]
  0x000002487490d6c0 ConcurrentGCThread "G1 Main Marker"            [id=33344, stack(0x000000a3edf00000,0x000000a3ee000000) (1024K)]
  0x0000024876ba2a60 WorkerThread "G1 Conc#0"                       [id=17304, stack(0x000000a3ee000000,0x000000a3ee100000) (1024K)]

[error occurred during error reporting (printing all threads), id 0xc0000005, EXCEPTION_ACCESS_VIOLATION (0xc0000005) at pc=0x00007ffd234826f7]
VM state: not at safepoint (not fully initialized)

VM Mutex/Monitor currently owned by a thread:  ([mutex/lock_event])
[0x00007ffd23d8b050] Heap_lock - owner thread: 0x0000024874843520

Heap address: 0x0000000724600000, size: 3514 MB, Compressed Oops mode: Zero based, Oop shift amount: 3

CDS archive(s) mapped at: [0x0000000000000000-0x0000000000000000-0x0000000000000000), size 0, SharedBaseAddress: 0x0000000800000000, ArchiveRelocationMode: 1.
Narrow klass base: 0x0000000000000000, Narrow klass shift: 0, Narrow klass range: 0x0

GC Precious Log:
 CardTable entry size: 512
 Card Set container configuration: InlinePtr #cards 4 size 8 Array Of Cards #cards 16 size 48 Howl #buckets 8 coarsen threshold 3686 Howl Bitmap #cards 512 size 80 coarsen threshold 460 Card regions per heap region 1 cards per card region 4096

Heap:
 garbage-first heap   total 0K, used 0K [0x0000000724600000, 0x0000000800000000)
  region size 2048K, 0 young (0K), 0 survivors (0K)

[error occurred during error reporting (printing heap information), id 0xc0000005, EXCEPTION_ACCESS_VIOLATION (0xc0000005) at pc=0x00007ffd2386afd9]
GC Heap History (0 events):
No events

Dll operation events (1 events):
Event: 0.026 Loaded shared library C:\Program Files\Java\jdk-21.0.11\bin\java.dll

Deoptimization events (0 events):
No events

Classes loaded (0 events):
No events

Classes unloaded (0 events):
No events

Classes redefined (0 events):
No events

Internal exceptions (0 events):
No events

ZGC Phase Switch (0 events):
No events

VM Operations (0 events):
No events

Events (0 events):
No events


Dynamic libraries:
0x00007ff7dc5d0000 - 0x00007ff7dc5e0000 	C:\Program Files\Java\jdk-21.0.11\bin\java.exe
0x00007ffdc5800000 - 0x00007ffdc5a66000 	C:\WINDOWS\SYSTEM32\ntdll.dll
0x00007ffdc4540000 - 0x00007ffdc4609000 	C:\WINDOWS\System32\KERNEL32.DLL
0x00007ffdc2e60000 - 0x00007ffdc325f000 	C:\WINDOWS\System32\KERNELBASE.dll
0x00007ffdc2bb0000 - 0x00007ffdc2cfc000 	C:\WINDOWS\System32\ucrtbase.dll
0x00007ffda9020000 - 0x00007ffda903e000 	C:\Program Files\Java\jdk-21.0.11\bin\VCRUNTIME140.dll
0x00007ffda8f80000 - 0x00007ffda8f99000 	C:\Program Files\Java\jdk-21.0.11\bin\jli.dll
0x00007ffdc5350000 - 0x00007ffdc540c000 	C:\WINDOWS\System32\ADVAPI32.dll
0x00007ffdc5630000 - 0x00007ffdc56d9000 	C:\WINDOWS\System32\msvcrt.dll
0x00007ffdc56e0000 - 0x00007ffdc578a000 	C:\WINDOWS\System32\sechost.dll
0x00007ffdc4670000 - 0x00007ffdc4788000 	C:\WINDOWS\System32\RPCRT4.dll
0x00007ffdc47e0000 - 0x00007ffdc49a6000 	C:\WINDOWS\System32\USER32.dll
0x00007ffdb1170000 - 0x00007ffdb1401000 	C:\WINDOWS\WinSxS\amd64_microsoft.windows.common-controls_6595b64144ccf1df_6.0.26100.8972_none_3e0da176e32f9d4b\COMCTL32.dll
0x00007ffdc2ad0000 - 0x00007ffdc2af7000 	C:\WINDOWS\System32\win32u.dll
0x00007ffdc3d80000 - 0x00007ffdc3dab000 	C:\WINDOWS\System32\GDI32.dll
0x00007ffdc3270000 - 0x00007ffdc3399000 	C:\WINDOWS\System32\gdi32full.dll
0x00007ffdc2b00000 - 0x00007ffdc2ba3000 	C:\WINDOWS\System32\msvcp_win.dll
0x00007ffdbb350000 - 0x00007ffdbb35b000 	C:\WINDOWS\SYSTEM32\VERSION.dll
0x00007ffdc5530000 - 0x00007ffdc5562000 	C:\WINDOWS\System32\IMM32.DLL
0x00007ffda9630000 - 0x00007ffda963c000 	C:\Program Files\Java\jdk-21.0.11\bin\vcruntime140_1.dll
0x00007ffda3ce0000 - 0x00007ffda3d6d000 	C:\Program Files\Java\jdk-21.0.11\bin\msvcp140.dll
0x00007ffd23140000 - 0x00007ffd23e68000 	C:\Program Files\Java\jdk-21.0.11\bin\server\jvm.dll
0x00007ffdc4ab0000 - 0x00007ffdc4b32000 	C:\WINDOWS\System32\WS2_32.dll
0x00007ffdc2870000 - 0x00007ffdc28ce000 	C:\WINDOWS\SYSTEM32\POWRPROF.dll
0x00007ffdbb2b0000 - 0x00007ffdbb2e6000 	C:\WINDOWS\SYSTEM32\WINMM.dll
0x00007ffdc2850000 - 0x00007ffdc2865000 	C:\WINDOWS\SYSTEM32\UMPDC.dll
0x00007ffdc16c0000 - 0x00007ffdc16db000 	C:\WINDOWS\SYSTEM32\kernel.appcore.dll
0x00007ffda9130000 - 0x00007ffda913a000 	C:\Program Files\Java\jdk-21.0.11\bin\jimage.dll
0x00007ffdbffd0000 - 0x00007ffdc0212000 	C:\WINDOWS\SYSTEM32\DBGHELP.DLL
0x00007ffdc4f90000 - 0x00007ffdc5315000 	C:\WINDOWS\System32\combase.dll
0x00007ffdc4d20000 - 0x00007ffdc4df9000 	C:\WINDOWS\System32\OLEAUT32.dll
0x00007ffda6ea0000 - 0x00007ffda6edb000 	C:\WINDOWS\SYSTEM32\dbgcore.DLL
0x00007ffdc2d10000 - 0x00007ffdc2dbc000 	C:\WINDOWS\System32\bcryptPrimitives.dll
0x00007ffda9100000 - 0x00007ffda9110000 	C:\Program Files\Java\jdk-21.0.11\bin\instrument.dll
0x00007ffda8ef0000 - 0x00007ffda8f11000 	C:\Program Files\Java\jdk-21.0.11\bin\java.dll

dbghelp: loaded successfully - version: 4.0.5 - missing functions: none
symbol engine: initialized successfully - sym options: 0x614 - pdb path: .;C:\Program Files\Java\jdk-21.0.11\bin;C:\WINDOWS\SYSTEM32;C:\WINDOWS\WinSxS\amd64_microsoft.windows.common-controls_6595b64144ccf1df_6.0.26100.8972_none_3e0da176e32f9d4b;C:\Program Files\Java\jdk-21.0.11\bin\server

VM Arguments:
jvm_args: -javaagent:C:\Users\kenne\AppData\Local\Programs\IntelliJ IDEA 2026.1.4\lib\idea_rt.jar=52722 -Dfile.encoding=UTF-8 -Dsun.stdout.encoding=UTF-8 -Dsun.stderr.encoding=UTF-8 
java_command: james_cutajar.chapt1.ArraySearchExample
java_class_path (initial): C:\Users\kenne\Desktop\demo\School DSA\out\production\School DSA
Launcher Type: SUN_STANDARD

[Global flags]
     intx CICompilerCount                          = 12                                        {product} {ergonomic}
     uint ConcGCThreads                            = 3                                         {product} {ergonomic}
     uint G1ConcRefinementThreads                  = 13                                        {product} {ergonomic}
   size_t G1HeapRegionSize                         = 2097152                                   {product} {ergonomic}
    uintx GCDrainStackTargetSize                   = 64                                        {product} {ergonomic}
   size_t InitialHeapSize                          = 230686720                                 {product} {ergonomic}
   size_t MarkStackSize                            = 4194304                                   {product} {ergonomic}
   size_t MaxHeapSize                              = 3684696064                                {product} {ergonomic}
   size_t MinHeapDeltaBytes                        = 2097152                                   {product} {ergonomic}
   size_t MinHeapSize                              = 8388608                                   {product} {ergonomic}
    uintx NonNMethodCodeHeapSize                   = 7602480                                {pd product} {ergonomic}
    uintx NonProfiledCodeHeapSize                  = 122027880                              {pd product} {ergonomic}
    uintx ProfiledCodeHeapSize                     = 122027880                              {pd product} {ergonomic}
    uintx ReservedCodeCacheSize                    = 251658240                              {pd product} {ergonomic}
     bool SegmentedCodeCache                       = true                                      {product} {ergonomic}
   size_t SoftMaxHeapSize                          = 3684696064                             {manageable} {ergonomic}
     bool UseCompressedOops                        = true                           {product lp64_product} {ergonomic}
     bool UseG1GC                                  = true                                      {product} {ergonomic}
     bool UseLargePagesIndividualAllocation        = false                                  {pd product} {ergonomic}

Logging:
Log output configuration:
 #0: stdout all=warning uptime,level,tags foldmultilines=false
 #1: stderr all=off uptime,level,tags foldmultilines=false

Environment Variables:
PATH=C:\Program Files\Common Files\Oracle\Java\javapath;C:\WINDOWS\system32;C:\WINDOWS;C:\WINDOWS\System32\Wbem;C:\WINDOWS\System32\WindowsPowerShell\v1.0\;C:\WINDOWS\System32\OpenSSH\;C:\Program Files\nodejs\;C:\Program Files\Git\cmd;C:\Program Files\CMake\bin;C:\Users\kenne\AppData\Local\Programs\Python\Python310\Scripts\;C:\Users\kenne\AppData\Local\Programs\Python\Python310\;C:\Users\kenne\AppData\Local\Programs\Python\Python311\Scripts\;C:\Users\kenne\AppData\Local\Programs\Python\Python311\;C:\Users\kenne\AppData\Local\Microsoft\WindowsApps;C:\Users\kenne\AppData\Local\Programs\Microsoft VS Code\bin;C:\Users\kenne\AppData\Roaming\npm;C:\Program Files\PostgreSQL\18\bin;C:\Users\kenne\AppData\Local\Programs\IntelliJ IDEA 2026.1.4\bin;C:\Program Files\JetBrains\PyCharm 2026.1.4\bin;C:\Users\kenne\AppData\Local\Python\bin;C:\Users\kenne\AppData\Local\Microsoft\WinGet\Packages\Gyan.FFmpeg_Microsoft.Winget.Source_8wekyb3d8bbwe\ffmpeg-8.1.2-full_build\bin;C:\Users\kenne\AppData\Local\Microsoft\WinGet\Packages\Gyan.FFmpeg_Microsoft.Winget.Source_8wekyb3d8bbwe\ffmpeg-8.1.2-full_build\bin;
USERNAME=kenne
OS=Windows_NT
PROCESSOR_IDENTIFIER=AMD64 Family 23 Model 96 Stepping 1, AuthenticAMD
TMP=C:\Users\kenne\AppData\Local\Temp
TEMP=C:\Users\kenne\AppData\Local\Temp




Periodic native trim disabled

---------------  S Y S T E M  ---------------

OS:
 Windows 11 , 64 bit Build 26100 (10.0.26100.9168)
OS uptime: 22 days 23:20 hours
Hyper-V role detected

CPU: total 16 (initial active 16) (16 cores per cpu, 2 threads per core) family 23 model 96 stepping 1 microcode 0x860010f, cx8, cmov, fxsr, ht, mmx, 3dnowpref, sse, sse2, sse3, ssse3, sse4a, sse4.1, sse4.2, popcnt, lzcnt, tsc, tscinvbit, avx, avx2, aes, clmul, bmi1, bmi2, adx, sha, fma, vzeroupper, clflush, clflushopt, hv, rdtscp, rdpid, f16c
Processor Information for all 16 processors :
  Max Mhz: 1700, Current Mhz: 1700, Mhz Limit: 1700

Memory: 4k page, system-wide physical 14055M (102M free)
TotalPageFile size 44451M (AvailPageFile size 78M)
current process WorkingSet (physical memory assigned to process): 13M, peak: 13M
current process commit charge ("private bytes"): 70M, peak: 290M

vm_info: Java HotSpot(TM) 64-Bit Server VM (21.0.11+9-LTS-211) for windows-amd64 JRE (21.0.11+9-LTS-211), built on 2026-03-11T00:23:15Z by "mach5run" with MS VC++ 17.13 (VS2022)

END.
